[web-spark.yolasite.com/index.html]
[backblue.gif]
[fade.gif]
[index.html]
[web-spark.yolasite.com/ws/media-library/b8fb158c449940f3b9c1357b03b11512/cdxx7s.png]
[web-spark.yolasite.com/ws/globals/header-code/index.html]
[ajax.googleapis.com/ajax/libs/webfont/1.6.26/webfont.js]
[web-spark.yolasite.com/ws/block-templates/header/index.html]
[web-spark.yolasite.com/ws/globals/global-header/index.html]
[web-spark.yolasite.com/ws/globals/business-logo/index.html]
[web-spark.yolasite.com/ws/resized-images/b40f1e8efd40415fae1eb02bba9b256f/gestor.png]
[web-spark.yolasite.com/cdn-cgi/bm/cv/2172558837/api.js]
[web-spark.yolasite.com/ws/bundles/css/7f059e9b1eabc8572da5a428eeb38d3c.css]
[web-spark.yolasite.com/ws/globals/nav-menu/index.9.delayed]
[web-spark.yolasite.com/ws/block-templates/cover-with-plain-text/index.html]
[web-spark.yolasite.com/ws/media-library/d491616be9464876beba540957b30650/banner-bg.png]
[web-spark.yolasite.com/services/index.html]
[web-spark.yolasite.com/ws/block-templates/cover-with-centered-features/index.c.delayed]
[web-spark.yolasite.com/ws/blocks/cover-with-centered-features/icons/wall-clock-5887.ws-intense-next-coworking.svg]
[web-spark.yolasite.com/ws/blocks/cover-with-centered-features/icons/navigation-map-695.ws-intense-next-coworking.svg]
[web-spark.yolasite.com/ws/blocks/cover-with-centered-features/icons/coins-2277.ws-intense-next-coworking.svg]
[web-spark.yolasite.com/ws/block-templates/cover-with-business-info/index.html]
[web-spark.yolasite.com/ws/blocks/cover-with-business-info/images/image-1.ws-intense-next-coworking.jpg]
[web-spark.yolasite.com/ws/globals/addresses/index.html]
[web-spark.yolasite.com/ws/globals/phones/index.html]
[web-spark.yolasite.com/ws/globals/emails/index.html]
[web-spark.yolasite.com/ws/globals/business-hours/index.html]
[web-spark.yolasite.com/ws/block-templates/page-title-with-plain-text/index.html]
[web-spark.yolasite.com/ws/media-library/fc9a745a57ef48beaaef2254f40593e7/footer-bg.jpg]
[web-spark.yolasite.com/ws/block-templates/team-members-with-media/index.18.delayed]
[web-spark.yolasite.com/ws/blocks/team-members-with-media/images/image-21.ws-intense-next-coworking.jpg]
[web-spark.yolasite.com/ws/common/icons/facebook-logo.ws-intense-next-coworking.svg]
[web-spark.yolasite.com/ws/common/icons/instagram-logo.ws-intense-next-coworking.svg]
[web-spark.yolasite.com/ws/common/icons/twitter-logo.ws-intense-next-coworking.svg]
[web-spark.yolasite.com/ws/blocks/team-members-with-media/icons/outline-mail.ws-intense-next-coworking.svg]
[web-spark.yolasite.com/ws/blocks/team-members-with-media/images/image-22.ws-intense-next-coworking.jpg]
[web-spark.yolasite.com/ws/block-templates/counters/index.html]
[web-spark.yolasite.com/ws/blocks/counters/images/image-1.ws-intense-next-coworking.jpg]
[web-spark.yolasite.com/ws/block-templates/cta-with-extra-content/index.html]
[web-spark.yolasite.com/ws/blocks/cta-with-extra-content/images/image-1.ws-intense-next-coworking.jpg]
[web-spark.yolasite.com/ws/block-templates/business-card/index.html]
[web-spark.yolasite.com/ws/media-library/bc2fa27af6a24a1bb019b97db3e2babe/banner-bg.jpg]
[web-spark.yolasite.com/ws/globals/site-name/index.html]
[web-spark.yolasite.com/ws/globals/social-links/index.html]
[web-spark.yolasite.com/ws/common/icons/linkedin-logo.ws-intense-next-coworking.svg]
[web-spark.yolasite.com/ws/globals/business-name/index.html]
[web-spark.yolasite.com/ws/globals/business-description/index.html]
[web-spark.yolasite.com/ws/block-templates/partners-clients-sponsors-awards/index.html]
[web-spark.yolasite.com/ws/blocks/partners/images/image-1.ws-intense-next-coworking.svg]
[web-spark.yolasite.com/ws/blocks/partners/images/image-2.ws-intense-next-coworking.svg]
[web-spark.yolasite.com/ws/blocks/partners/images/image-3.ws-intense-next-coworking.svg]
[web-spark.yolasite.com/ws/blocks/partners/images/image-4.ws-intense-next-coworking.svg]
[web-spark.yolasite.com/ws/blocks/partners/images/image-6.ws-intense-next-coworking.svg]
[web-spark.yolasite.com/ws/blocks/partners/images/image-5.ws-intense-next-coworking.svg]
[web-spark.yolasite.com/ws/block-templates/cover-with-contact-form/index.31.delayed]
[web-spark.yolasite.com/ws/media-library/3a281b5a2bc84837ae8436f58ab8c5de/heading-bg.jpg]
[web-spark.yolasite.com/ws/block-templates/footer/index.html]
[web-spark.yolasite.com/ws/globals/global-footer/index.html]
[web-spark.yolasite.com/ws/globals/footer-code/index.html]
[web-spark.yolasite.com/index.html]
[web-spark.yolasite.com/ws/bundles/css/7f059e9b1eabc8572da5a428eeb38d3c.css]
[web-spark.yolasite.com/ws/globals/header-code/index.html]
[web-spark.yolasite.com/ws/block-templates/header/index.html]
[web-spark.yolasite.com/ws/globals/global-header/index.html]
[web-spark.yolasite.com/ws/globals/business-logo/index.html]
[web-spark.yolasite.com/ws/globals/nav-menu/index.html]
[web-spark.yolasite.com/ws/bundles/css/289fe60859bc9f1327ea80cc5673906c.css]
[web-spark.yolasite.com/ws/block-templates/features-with-icons/index.html]
[web-spark.yolasite.com/ws/blocks/features-with-icons/icons/heart-2800.ws-intense-next-coworking.svg]
[web-spark.yolasite.com/ws/bundles/js/5569508b4a45d8894d1e234b6df2349d.js]
[web-spark.yolasite.com/ws/blocks/features-with-icons/icons/diamond-2813.ws-intense-next-coworking.svg]
[web-spark.yolasite.com/ws/blocks/features-with-icons/icons/luxury-2814.ws-intense-next-coworking.svg]
[web-spark.yolasite.com/ws/block-templates/product-with-media/index.html]
[web-spark.yolasite.com/ws/blocks/product-with-media/images/image-1.ws-intense-next-coworking.jpg]
[web-spark.yolasite.com/services/index.html]
[web-spark.yolasite.com/ws/block-templates/cover-with-plain-text/index.html]
[web-spark.yolasite.com/ws/block-templates/cover-with-centered-features/index.html]
[web-spark.yolasite.com/ws/blocks/cover-with-centered-features/icons/wall-clock-5887.ws-intense-next-coworking.svg]
[web-spark.yolasite.com/ws/blocks/cover-with-centered-features/icons/navigation-map-695.ws-intense-next-coworking.svg]
[web-spark.yolasite.com/ws/blocks/cover-with-centered-features/icons/coins-2277.ws-intense-next-coworking.svg]
[web-spark.yolasite.com/ws/block-templates/cover-with-business-info/index.html]
[web-spark.yolasite.com/ws/globals/addresses/index.html]
[web-spark.yolasite.com/ws/globals/phones/index.html]
[web-spark.yolasite.com/ws/globals/emails/index.html]
[web-spark.yolasite.com/ws/globals/business-hours/index.html]
[web-spark.yolasite.com/ws/block-templates/page-title-with-plain-text/index.html]
[web-spark.yolasite.com/ws/block-templates/team-members-with-media/index.html]
[web-spark.yolasite.com/ws/common/icons/facebook-logo.ws-intense-next-coworking.svg]
[web-spark.yolasite.com/ws/common/icons/instagram-logo.ws-intense-next-coworking.svg]
[web-spark.yolasite.com/ws/common/icons/twitter-logo.ws-intense-next-coworking.svg]
[web-spark.yolasite.com/ws/blocks/team-members-with-media/icons/outline-mail.ws-intense-next-coworking.svg]
[web-spark.yolasite.com/ws/block-templates/counters/index.html]
[web-spark.yolasite.com/ws/block-templates/cta-with-extra-content/index.html]
[unpkg.com/@webcomponents/webcomponentsjs@2.2.10/webcomponents-bundle.js]
[web-spark.yolasite.com/ws/block-templates/business-card/index.html]
[web-spark.yolasite.com/ws/globals/site-name/index.html]
[web-spark.yolasite.com/ws/globals/social-links/index.html]
[web-spark.yolasite.com/ws/common/icons/linkedin-logo.ws-intense-next-coworking.svg]
[web-spark.yolasite.com/ws/globals/business-name/index.html]
[web-spark.yolasite.com/ws/globals/business-description/index.html]
[web-spark.yolasite.com/ws/block-templates/partners-clients-sponsors-awards/index.html]
[web-spark.yolasite.com/ws/blocks/partners/images/image-1.ws-intense-next-coworking.svg]
[web-spark.yolasite.com/ws/blocks/partners/images/image-2.ws-intense-next-coworking.svg]
[web-spark.yolasite.com/ws/blocks/partners/images/image-3.ws-intense-next-coworking.svg]
[web-spark.yolasite.com/ws/blocks/partners/images/image-4.ws-intense-next-coworking.svg]
[web-spark.yolasite.com/ws/blocks/partners/images/image-5.ws-intense-next-coworking.svg]
[web-spark.yolasite.com/ws/blocks/partners/images/image-6.ws-intense-next-coworking.svg]
[web-spark.yolasite.com/ws/block-templates/cover-with-contact-form/index.html]
[web-spark.yolasite.com/ws/block-templates/footer/index.html]
[web-spark.yolasite.com/ws/globals/global-footer/index.html]
[web-spark.yolasite.com/ws/globals/footer-code/index.html]
[web-spark.yolasite.com/ws/bundles/css/289fe60859bc9f1327ea80cc5673906c.css]
[web-spark.yolasite.com/ws/block-templates/features-with-icons/index.html]
[web-spark.yolasite.com/ws/blocks/features-with-icons/icons/heart-2800.ws-intense-next-coworking.svg]
[web-spark.yolasite.com/ws/blocks/features-with-icons/icons/diamond-2813.ws-intense-next-coworking.svg]
[web-spark.yolasite.com/ws/blocks/features-with-icons/icons/luxury-2814.ws-intense-next-coworking.svg]
[web-spark.yolasite.com/ws/block-templates/product-with-media/index.html]
[web-spark.yolasite.com/ws/blocks/cta-with-extra-content/images/image-1.ws-intense-next-coworking.jpg]
